
IEEE 695 OMF Linker Version 6.03 (05021601)
Copyright (C) 1999-2004 ZiLOG, Inc. All Rights Reserved

LINK MAP:

DATE:      Wed Jun 24 16:37:45 2015
PROCESSOR: assembler
FILES:     C:\PROGRA~2\ZiLOG\ZDSII_~1.3\lib\zilog\startupL.obj
           .\zsldevinit.obj
           .\main.obj             
           .\displayDriver.obj
           .\game.obj             .\keyDriver.obj        
           .\numberformat.obj
           .\trigonometry.obj
           .\vector.obj           .\level.obj            
           .\timerDriver.obj
           .\serialDriver.obj
           C:\PROGRA~2\ZiLOG\ZDSII_~1.3\lib\std\crtrevaaLDD.lib
           C:\PROGRA~2\ZiLOG\ZDSII_~1.3\lib\std\fpdumyL.obj
           C:\PROGRA~2\ZiLOG\ZDSII_~1.3\lib\zilog\zslLYD.lib
           


COMMAND LIST:
=============
/* Linker Command File - FinalProject2 Debug */

/* compiler options */
/* -alias -asm -bitfieldsize:32 -charsize:8 -const:RAM -debug */
/* -define:_Z8F6403 -define:_Z8ENCORE_640_FAMILY */
/* -define:_Z8ENCORE_F640X -define:_MODEL_LARGE -doublesize:32 */
/* -NOexpmac -floatsize:32 -NOfplib -genprintf -NOglobalcopy */
/* -NOglobalcse -NOglobalfold -intrinsic -intsize:16 -intsrc */
/* -NOjmpopt -NOkeepasm -NOkeeplst -NOlist -NOlistinc -localcopy */
/* -localcse -localfold -longsize:32 -NOloopopt -maxerrs:50 -model:L */
/* -NOoptlink -optsize -peephole -NOpromote -quiet -regvar -revaa */
/* -NOsdiopt -shortsize:16 */
/* -stdinc:"C:\PROGRA~2\ZiLOG\ZDSII_~1.3\include\std;C:\PROGRA~2\ZiLOG\ZDSII_~1.3\include\zilog;C:\PROGRA~2\ZiLOG\ZDSII_~1.3\include\zilog\Z8Encore_F640X" */
/* -strict */
/* -usrinc:"M:\Documents\GitHub\30010\Z8encore\FinalProject2\include" */
/* -NOwatch -cpu:Z8F6403 */
/* -asmsw:" -cpu:Z8F6403 -define:_Z8F6403=1 -define:_Z8ENCORE_640_FAMILY=1 -define:_Z8ENCORE_F640X=1 -define:_MODEL_LARGE=1 -include:C:\PROGRA~2\ZiLOG\ZDSII_~1.3\include\std;C:\PROGRA~2\ZiLOG\ZDSII_~1.3\include\zilog;C:\PROGRA~2\ZiLOG\ZDSII_~1.3\include\zilog\Z8Encore_F640X -revaa" */

/* assembler options */
/* -debug -define:_Z8F6403=1 -define:_Z8ENCORE_640_FAMILY=1 */
/* -define:_Z8ENCORE_F640X=1 -define:_MODEL_LARGE=1 -genobj */
/* -NOigcase */
/* -include:"C:\PROGRA~2\ZiLOG\ZDSII_~1.3\include\std;C:\PROGRA~2\ZiLOG\ZDSII_~1.3\include\zilog;C:\PROGRA~2\ZiLOG\ZDSII_~1.3\include\zilog\Z8Encore_F640X" */
/* -list -NOlistmac -name -pagelen:56 -pagewidth:80 -quiet -sdiopt */
/* -warn -NOzmasm -revaa -cpu:Z8F6403 */

-FORMAT=OMF695
-NOigcase -map -quiet -warn -NOwarnoverlap -NOxref

RANGE ROM $0 : $FFFF
RANGE RDATA $20 : $FF
RANGE EDATA $100 : $EFF

CHANGE TEXT=EDATA
CHANGE TEXT=FAR_DATA
change NEAR_TXT=NEAR_DATA
change FAR_TXT=FAR_DATA
ORDER FAR_BSS, FAR_DATA
ORDER NEAR_BSS,NEAR_DATA
COPY NEAR_DATA ROM
COPY FAR_DATA ROM

define _low_near_romdata = copy base of NEAR_DATA
define _low_neardata = base of NEAR_DATA
define _len_neardata = length of NEAR_DATA
define _low_far_romdata = copy base of FAR_DATA
define _low_fardata = base of FAR_DATA
define _len_fardata = length of FAR_DATA
define _low_nearbss = base of NEAR_BSS
define _len_nearbss = length of NEAR_BSS
define _low_farbss = base of FAR_BSS
define _len_farbss = length of FAR_BSS
define _far_heaptop = highaddr of EDATA
define _far_stack = highaddr of EDATA
define _near_stack = highaddr of RDATA
define _far_heapbot = top of EDATA
define _near_heaptop = highaddr of RDATA
define _near_heapbot = top of RDATA

define _zsl_g_clock_xdefine = 18432000

/* Set frequency to 18432000 Hz */
define __user_frequency = 18432000

"M:\Documents\GitHub\30010\Z8encore\FinalProject2\FinalProject2"=  C:\PROGRA~2\ZiLOG\ZDSII_~1.3\lib\zilog\startupL.obj,  .\zsldevinit.obj,  .\main.obj,  .\displayDriver.obj,  .\game.obj,  .\keyDriver.obj,  .\numberformat.obj,  .\trigonometry.obj,  .\vector.obj,  .\level.obj,  .\timerDriver.obj,  .\serialDriver.obj,  C:\PROGRA~2\ZiLOG\ZDSII_~1.3\lib\std\crtrevaaLDD.lib,  C:\PROGRA~2\ZiLOG\ZDSII_~1.3\lib\std\fpdumyL.obj,  C:\PROGRA~2\ZiLOG\ZDSII_~1.3\lib\zilog\zslLYD.lib
WARNING (909) (00000000 .\displayDriver.obj)--> Public symbol "_character_data" already externally defined.
WARNING (909) (00000000 .\game.obj)--> Public symbol "_character_data" already externally defined.
WARNING (909) (00000000 .\game.obj)--> Public symbol "_levelROM" already externally defined.
WARNING (909) (00000000 .\level.obj)--> Public symbol "_levelROM" already externally defined.

WARNING (909) (0000059A .\displayDriver.obj)--> Public symbol "_character_data" already externally defined.
WARNING (909) (00000781 .\game.obj)--> Public symbol "_character_data" already externally defined.
WARNING (909) (00000B38 .\game.obj)--> Public symbol "_levelROM" already externally defined.
WARNING (909) (000010B8 .\level.obj)--> Public symbol "_levelROM" already externally defined.

SEGMENT OVERLAYS:
=================

Name                                     Base        Top       Length
------------------------------------ ----------- ----------- ----------
Section: __VECTORS                        C:0000      C:000E         fh

SPACE ALLOCATION:
=================

Space              Base        Top         Size
------------------ ----------- ----------- ---------
EDATA                   E:0100      E:0B86      a87h
RDATA                     R:E0        R:EF       10h
ROM                     C:0000      C:5515     5516h


SEGMENTS WITHIN SPACE:
======================

EDATA              Type                Base        Top         Size
------------------ ------------------- ----------- ----------- ---------
FAR_BSS            normal data              E:0100      E:01DD       deh
FAR_DATA           normal data              E:01DE      E:0B86      9a9h


RDATA              Type                Base        Top         Size
------------------ ------------------- ----------- ----------- ---------
workingreg         absolute data              R:E0        R:EF       10h


ROM                Type                Base        Top         Size
------------------ ------------------- ----------- ----------- ---------
__VECTORS          absolute data            C:0000      C:0037       38h
_sputch_TEXT       normal data              C:4225      C:4253       2fh
_uputch_TEXT       normal data              C:41F6      C:420E       19h
abs_TEXT           normal data              C:42A1      C:42DE       3eh
CODE               normal data              C:10B8      C:1361      2aah
FAR_DATA           * segment copy *         C:4B6D      C:5515      9a9h
game_TEXT          normal data              C:1855      C:2FDA     1786h
getfreq_TEXT       normal data              C:4152      C:4168       17h
ldriver_TEXT       normal data              C:3555      C:3E9B      947h
level_TEXT         normal data              C:3492      C:34EC       5bh
main_TEXT          normal data              C:14FE      C:150A        dh
mstring_TEXT       normal data              C:4254      C:42A0       4dh
nometry_TEXT       normal data              C:3043      C:3189      147h
nt_send_TEXT       normal data              C:3F7E      C:4151      1d4h
putch_TEXT         normal data              C:4981      C:49DD       5dh
rdriver_TEXT       normal data              C:34ED      C:3554       68h
reverse_TEXT       normal data              C:4A98      C:4B6C       d5h
rformat_TEXT       normal data              C:2FDB      C:3042       68h
ROM_DATA           normal data              C:0038      C:10B7     1080h
ROM_TEXT           normal data              C:1362      C:148C      12bh
sio_TEXT           normal data              C:3E9C      C:3F7D       e2h
startup            normal data              C:148D      C:14FD       71h
strlen_TEXT        normal data              C:4169      C:41AA       42h
t_putch_TEXT       normal data              C:420F      C:4224       16h
teuart0_TEXT       normal data              C:49DE      C:4A97       bah
ultoa_TEXT         normal data              C:4568      C:4980      419h
ustoa_TEXT         normal data              C:41CF      C:41F5       27h
uultoa_TEXT        normal data              C:42DF      C:4567      289h
uustoa_TEXT        normal data              C:41AB      C:41CE       24h
vector_TEXT        normal data              C:318A      C:3491      308h
ydriver_TEXT       normal data              C:150B      C:1854      34ah

SEGMENTS WITHIN MODULES:
========================

Module: ..\..\src\boot\common\startupl.asm (File: startupL.obj) Version: 1:0 02/23/2005 13:22:37

    Name                                        Base        Top      Size
    --------------------------------------- ----------- ----------- ---------
    Segment: __VECTORS                           C:0000      C:0037       38h
    Segment: FAR_BSS                             E:0100      E:0101        2h
    Segment: FAR_DATA                            E:01DE      E:01DE        1h
    Segment: startup                             C:148D      C:14FD       71h
    Segment: workingreg                            R:E0        R:EF       10h


Module: ..\UART\COMMON\PUTCH.C (Library: zslLYD.lib) Version: 1:0 02/23/2005 13:32:42

    Name                                        Base        Top      Size
    --------------------------------------- ----------- ----------- ---------
    Segment: putch_TEXT                          C:4981      C:49DD       5dh


Module: ..\UART\COMMON\WRITEUART0.C (Library: zslLYD.lib) Version: 1:0 02/23/2005 13:32:38

    Name                                        Base        Top      Size
    --------------------------------------- ----------- ----------- ---------
    Segment: FAR_DATA                            E:0B86      E:0B86        1h
    Segment: teuart0_TEXT                        C:49DE      C:4A97       bah


Module: .\MAIN.C (File: main.obj) Version: 1:0 06/24/2015 16:37:43

    Name                                        Base        Top      Size
    --------------------------------------- ----------- ----------- ---------
    Segment: FAR_DATA                            E:01E4      E:03BE      1dbh
    Segment: main_TEXT                           C:14FE      C:150A        dh
    Segment: ROM_DATA                            C:0038      C:05B7      580h


Module: COMMON\ABS.C (Library: crtrevaaLDD.lib) Version: 1:0 02/23/2005 13:27:08

    Name                                        Base        Top      Size
    --------------------------------------- ----------- ----------- ---------
    Segment: abs_TEXT                            C:42A1      C:42DE       3eh


Module: common\fpdumyl.asm (File: fpdumyL.obj) Version: 1:0 02/23/2005 13:22:38

    Name                                        Base        Top      Size
    --------------------------------------- ----------- ----------- ---------
    Segment: CODE                                C:10BA      C:10BA        1h
    Segment: FAR_BSS                             E:01BF      E:01C2        4h


Module: common\frame.asm (Library: crtrevaaLDD.lib) Version: 1:0 02/23/2005 13:27:20

    Name                                        Base        Top      Size
    --------------------------------------- ----------- ----------- ---------
    Segment: CODE                                C:10BB      C:1121       67h


Module: COMMON\PRINT_GLOBALS.C (Library: crtrevaaLDD.lib) Version: 1:0 02/23/2005 13:27:11

    Name                                        Base        Top      Size
    --------------------------------------- ----------- ----------- ---------
    Segment: FAR_BSS                             E:01C3      E:01DD       1bh
    Segment: FAR_DATA                            E:0B84      E:0B85        2h


Module: COMMON\PRINT_PUTCH.C (Library: crtrevaaLDD.lib) Version: 1:0 02/23/2005 13:27:11

    Name                                        Base        Top      Size
    --------------------------------------- ----------- ----------- ---------
    Segment: t_putch_TEXT                        C:420F      C:4224       16h


Module: COMMON\PRINT_PUTROMSTRING.C (Library: crtrevaaLDD.lib) Version: 1:0 02/23/2005 13:27:12

    Name                                        Base        Top      Size
    --------------------------------------- ----------- ----------- ---------
    Segment: mstring_TEXT                        C:4254      C:42A0       4dh


Module: COMMON\PRINT_SEND.C (Library: crtrevaaLDD.lib) Version: 1:0 02/23/2005 13:27:12

    Name                                        Base        Top      Size
    --------------------------------------- ----------- ----------- ---------
    Segment: nt_send_TEXT                        C:3F7E      C:4151      1d4h


Module: COMMON\PRINT_SPUTCH.C (Library: crtrevaaLDD.lib) Version: 1:0 02/23/2005 13:27:11

    Name                                        Base        Top      Size
    --------------------------------------- ----------- ----------- ---------
    Segment: _sputch_TEXT                        C:4225      C:4253       2fh


Module: COMMON\PRINT_UPUTCH.C (Library: crtrevaaLDD.lib) Version: 1:0 02/23/2005 13:27:11

    Name                                        Base        Top      Size
    --------------------------------------- ----------- ----------- ---------
    Segment: _uputch_TEXT                        C:41F6      C:420E       19h


Module: common\sbdiv.asm (Library: crtrevaaLDD.lib) Version: 1:0 02/23/2005 13:27:19

    Name                                        Base        Top      Size
    --------------------------------------- ----------- ----------- ---------
    Segment: CODE                                C:124A      C:1278       2fh


Module: COMMON\SIO.C (Library: crtrevaaLDD.lib) Version: 1:0 02/23/2005 13:27:13

    Name                                        Base        Top      Size
    --------------------------------------- ----------- ----------- ---------
    Segment: FAR_DATA                            E:0B83      E:0B83        1h
    Segment: sio_TEXT                            C:3E9C      C:3F7D       e2h


Module: common\sldiv.asm (Library: crtrevaaLDD.lib) Version: 1:0 02/23/2005 13:27:19

    Name                                        Base        Top      Size
    --------------------------------------- ----------- ----------- ---------
    Segment: CODE                                C:1279      C:12D3       5bh


Module: COMMON\STRLEN.C (Library: crtrevaaLDD.lib) Version: 1:0 02/23/2005 13:27:14

    Name                                        Base        Top      Size
    --------------------------------------- ----------- ----------- ---------
    Segment: strlen_TEXT                         C:4169      C:41AA       42h


Module: common\swdiv.asm (Library: crtrevaaLDD.lib) Version: 1:0 02/23/2005 13:27:19

    Name                                        Base        Top      Size
    --------------------------------------- ----------- ----------- ---------
    Segment: CODE                                C:1122      C:115C       3bh


Module: common\ubdiv.asm (Library: crtrevaaLDD.lib) Version: 1:0 02/23/2005 13:27:19

    Name                                        Base        Top      Size
    --------------------------------------- ----------- ----------- ---------
    Segment: CODE                                C:1343      C:1361       1fh


Module: common\ucase.asm (Library: crtrevaaLDD.lib) Version: 1:0 02/23/2005 13:27:19

    Name                                        Base        Top      Size
    --------------------------------------- ----------- ----------- ---------
    Segment: CODE                                C:1305      C:1342       3eh


Module: common\uldiv.asm (Library: crtrevaaLDD.lib) Version: 1:0 02/23/2005 13:27:19

    Name                                        Base        Top      Size
    --------------------------------------- ----------- ----------- ---------
    Segment: CODE                                C:11F5      C:1249       55h


Module: common\ulmul.asm (Library: crtrevaaLDD.lib) Version: 1:0 02/23/2005 13:27:19

    Name                                        Base        Top      Size
    --------------------------------------- ----------- ----------- ---------
    Segment: CODE                                C:115D      C:11F4       98h


Module: COMMON\ULTOA.C (Library: crtrevaaLDD.lib) Version: 1:0 02/23/2005 13:27:16

    Name                                        Base        Top      Size
    --------------------------------------- ----------- ----------- ---------
    Segment: ultoa_TEXT                          C:4568      C:4980      419h


Module: COMMON\UREVERSE.C (Library: crtrevaaLDD.lib) Version: 1:0 02/23/2005 13:27:17

    Name                                        Base        Top      Size
    --------------------------------------- ----------- ----------- ---------
    Segment: reverse_TEXT                        C:4A98      C:4B6C       d5h


Module: COMMON\USTOA.C (Library: crtrevaaLDD.lib) Version: 1:0 02/23/2005 13:27:18

    Name                                        Base        Top      Size
    --------------------------------------- ----------- ----------- ---------
    Segment: ustoa_TEXT                          C:41CF      C:41F5       27h


Module: COMMON\UULTOA.C (Library: crtrevaaLDD.lib) Version: 1:0 02/23/2005 13:27:18

    Name                                        Base        Top      Size
    --------------------------------------- ----------- ----------- ---------
    Segment: uultoa_TEXT                         C:42DF      C:4567      289h


Module: COMMON\UUSTOA.C (Library: crtrevaaLDD.lib) Version: 1:0 02/23/2005 13:27:18

    Name                                        Base        Top      Size
    --------------------------------------- ----------- ----------- ---------
    Segment: uustoa_TEXT                         C:41AB      C:41CE       24h


Module: common\uwdiv.asm (Library: crtrevaaLDD.lib) Version: 1:0 02/23/2005 13:27:19

    Name                                        Base        Top      Size
    --------------------------------------- ----------- ----------- ---------
    Segment: CODE                                C:12D4      C:1304       31h


Module: get_freq.asm (Library: crtrevaaLDD.lib) Version: 1:0 02/23/2005 13:27:19

    Name                                        Base        Top      Size
    --------------------------------------- ----------- ----------- ---------
    Segment: getfreq_TEXT                        C:4152      C:4168       17h


Module: INCLUDE\SRC\DISPLAYDRIVER.C (File: displayDriver.obj) Version: 1:0 06/24/2015 16:37:44

    Name                                        Base        Top      Size
    --------------------------------------- ----------- ----------- ---------
    Segment: FAR_BSS                             E:0102      E:0115       14h
    Segment: FAR_DATA                            E:03BF      E:0599      1dbh
    Segment: ydriver_TEXT                        C:150B      C:17DE      2d4h


Module: INCLUDE\SRC\GAME.C (File: game.obj) Version: 1:0 06/24/2015 16:37:45

    Name                                        Base        Top      Size
    --------------------------------------- ----------- ----------- ---------
    Segment: FAR_BSS                             E:0116      E:019E       89h
    Segment: FAR_DATA                            E:059A      E:0780      1e7h
    Segment: game_TEXT                           C:1855      C:2FDA     1786h
    Segment: ROM_DATA                            C:05B8      C:0B37      580h
    Segment: ROM_TEXT                            C:1362      C:144E       edh


Module: INCLUDE\SRC\KEYDRIVER.C (File: keyDriver.obj) Version: 1:0 06/24/2015 16:37:45

    Name                                        Base        Top      Size
    --------------------------------------- ----------- ----------- ---------
    Segment: ydriver_TEXT                        C:17DF      C:1854       76h


Module: INCLUDE\SRC\LEVEL.C (File: level.obj) Version: 1:0 06/24/2015 12:57:30

    Name                                        Base        Top      Size
    --------------------------------------- ----------- ----------- ---------
    Segment: level_TEXT                          C:3492      C:34EC       5bh
    Segment: ROM_DATA                            C:0B38      C:10B7      580h


Module: INCLUDE\SRC\NUMBERFORMAT.C (File: numberformat.obj) Version: 1:0 06/24/2015 14:19:11

    Name                                        Base        Top      Size
    --------------------------------------- ----------- ----------- ---------
    Segment: rformat_TEXT                        C:2FDB      C:3042       68h


Module: INCLUDE\SRC\SERIALDRIVER.C (File: serialDriver.obj) Version: 1:0 06/24/2015 14:19:12

    Name                                        Base        Top      Size
    --------------------------------------- ----------- ----------- ---------
    Segment: FAR_BSS                             E:019F      E:01BE       20h
    Segment: ldriver_TEXT                        C:3555      C:3E9B      947h
    Segment: ROM_TEXT                            C:144F      C:148C       3eh


Module: INCLUDE\SRC\TIMERDRIVER.C (File: timerDriver.obj) Version: 1:0 06/24/2015 16:36:44

    Name                                        Base        Top      Size
    --------------------------------------- ----------- ----------- ---------
    Segment: __VECTORS                           C:0000      C:000D        eh
    Segment: FAR_DATA                            E:0B81      E:0B82        2h
    Segment: rdriver_TEXT                        C:34ED      C:3554       68h


Module: INCLUDE\SRC\TRIGONOMETRY.C (File: trigonometry.obj) Version: 1:0 06/24/2015 14:19:13

    Name                                        Base        Top      Size
    --------------------------------------- ----------- ----------- ---------
    Segment: FAR_DATA                            E:0781      E:0B80      400h
    Segment: nometry_TEXT                        C:3043      C:3189      147h


Module: INCLUDE\SRC\VECTOR.C (File: vector.obj) Version: 1:0 06/24/2015 14:19:13

    Name                                        Base        Top      Size
    --------------------------------------- ----------- ----------- ---------
    Segment: vector_TEXT                         C:318A      C:3491      308h


Module: M:\Documents\GitHub\30010\Z8encore\FinalProject2\zsldevinit.asm (File: zsldevinit.obj) Version: 1:0 06/23/2015 12:47:49

    Name                                        Base        Top      Size
    --------------------------------------- ----------- ----------- ---------
    Segment: CODE                                C:10B8      C:10B9        2h
    Segment: FAR_DATA                            E:01DF      E:01E3        5h

EXTERNAL DEFINITIONS:
=====================

Symbol                             Address   Module          Segment
-------------------------------- ----------- --------------- --------------------------------
_0__far_atof                          E:01BF fpdumyl         FAR_BSS                         
_0__far_frexp                         E:01BF fpdumyl         FAR_BSS                         
_0__far_modf                          E:01BF fpdumyl         FAR_BSS                         
_0__far_strtod                        E:01BF fpdumyl         FAR_BSS                         
_0__near_atof                         E:01BF fpdumyl         FAR_BSS                         
_0__near_frexp                        E:01BF fpdumyl         FAR_BSS                         
_0__near_modf                         E:01BF fpdumyl         FAR_BSS                         
_0__near_strtod                       E:01BF fpdumyl         FAR_BSS                         
_0__u_dtoe                            E:01BF fpdumyl         FAR_BSS                         
_0__u_dtof                            E:01BF fpdumyl         FAR_BSS                         
_0__u_dtog                            E:01BF fpdumyl         FAR_BSS                         
_0__u_flt_info                        E:01BF fpdumyl         FAR_BSS                         
_0__u_flt_rnd                         E:01BF fpdumyl         FAR_BSS                         
_0_acos                               E:01BF fpdumyl         FAR_BSS                         
_0_asin                               E:01BF fpdumyl         FAR_BSS                         
_0_atan                               E:01BF fpdumyl         FAR_BSS                         
_0_atan2                              E:01BF fpdumyl         FAR_BSS                         
_0_ceil                               E:01BF fpdumyl         FAR_BSS                         
_0_cosh                               E:01BF fpdumyl         FAR_BSS                         
_0_exp                                E:01BF fpdumyl         FAR_BSS                         
_0_fabs                               E:01BF fpdumyl         FAR_BSS                         
_0_floor                              E:01BF fpdumyl         FAR_BSS                         
_0_fmod                               E:01BF fpdumyl         FAR_BSS                         
_0_ldexp                              E:01BF fpdumyl         FAR_BSS                         
_0_log                                E:01BF fpdumyl         FAR_BSS                         
_0_log10                              E:01BF fpdumyl         FAR_BSS                         
_0_pow                                E:01BF fpdumyl         FAR_BSS                         
_0_sinh                               E:01BF fpdumyl         FAR_BSS                         
_0_sqrt                               E:01BF fpdumyl         FAR_BSS                         
_0_tan                                E:01BF fpdumyl         FAR_BSS                         
_0_tanh                               E:01BF fpdumyl         FAR_BSS                         
_1__far_frexp                         E:01BF fpdumyl         FAR_BSS                         
_1__far_modf                          E:01BF fpdumyl         FAR_BSS                         
_1__far_strtod                        E:01BF fpdumyl         FAR_BSS                         
_1__near_frexp                        E:01BF fpdumyl         FAR_BSS                         
_1__near_modf                         E:01BF fpdumyl         FAR_BSS                         
_1__near_strtod                       E:01BF fpdumyl         FAR_BSS                         
_1__u_dtoe                            E:01BF fpdumyl         FAR_BSS                         
_1__u_dtof                            E:01BF fpdumyl         FAR_BSS                         
_1__u_dtog                            E:01BF fpdumyl         FAR_BSS                         
_1__u_flt_info                        E:01BF fpdumyl         FAR_BSS                         
_1__u_flt_rnd                         E:01BF fpdumyl         FAR_BSS                         
_1_atan2                              E:01BF fpdumyl         FAR_BSS                         
_1_fmod                               E:01BF fpdumyl         FAR_BSS                         
_1_ldexp                              E:01BF fpdumyl         FAR_BSS                         
_1_pow                                E:01BF fpdumyl         FAR_BSS                         
_1_strtod                             E:01BF fpdumyl         FAR_BSS                         
_2__u_dtoe                            E:01BF fpdumyl         FAR_BSS                         
_2__u_dtof                            E:01BF fpdumyl         FAR_BSS                         
_2__u_dtog                            E:01BF fpdumyl         FAR_BSS                         
_2__u_flt_info                        E:01BF fpdumyl         FAR_BSS                         
___print_buff                         E:01C3 PRINT_GLOBALS   FAR_BSS                         
___print_fmt                          E:01CF PRINT_GLOBALS   FAR_BSS                         
___print_leading_char                 E:01DB PRINT_GLOBALS   FAR_BSS                         
___print_len                          E:01DA PRINT_GLOBALS   FAR_BSS                         
___print_out                          E:01DC PRINT_GLOBALS   FAR_BSS                         
___print_putch                        C:420F PRINT_PUTCH     t_putch_TEXT                    
___print_putromstring                 C:4254 PRINT_PUTROMSTR mstring_TEXT                    
___print_send                         C:3F7E PRINT_SEND      nt_send_TEXT                    
___print_sputch                       C:4225 PRINT_SPUTCH    _sputch_TEXT                    
___print_uputch                       C:41F6 PRINT_UPUTCH    _uputch_TEXT                    
___print_xputch                       E:0B84 PRINT_GLOBALS   FAR_DATA                        
__close_periphdevice                  C:10B9 zsldevinit      CODE                            
__far_atof                            C:10BA fpdumyl         CODE                            
__far_frexp                           C:10BA fpdumyl         CODE                            
__far_modf                            C:10BA fpdumyl         CODE                            
__far_strlen                          C:4169 STRLEN          strlen_TEXT                     
__far_strtod                          C:10BA fpdumyl         CODE                            
__fpadd                               C:10BA fpdumyl         CODE                            
__fpcmp                               C:10BA fpdumyl         CODE                            
__fpdiv                               C:10BA fpdumyl         CODE                            
__fpftol                              C:10BA fpdumyl         CODE                            
__fpltof                              C:10BA fpdumyl         CODE                            
__fpmul                               C:10BA fpdumyl         CODE                            
__fpneg                               C:10BA fpdumyl         CODE                            
__fppack                              C:10BA fpdumyl         CODE                            
__fpsub                               C:10BA fpdumyl         CODE                            
__fpultof                             C:10BA fpdumyl         CODE                            
__fpupop1                             C:10BA fpdumyl         CODE                            
__fpupop2                             C:10BA fpdumyl         CODE                            
__framereset                          C:10E6 frame           CODE                            
__frameset                            C:10C7 frame           CODE                            
__frameset0                           C:10C5 frame           CODE                            
__frameset00                          C:10C3 frame           CODE                            
__iframereset                         C:10FD frame           CODE                            
__iframeset00                         C:10BB frame           CODE                            
__intrp                               E:01DE startupl        FAR_DATA                        
__near_atof                           C:10BA fpdumyl         CODE                            
__near_frexp                          C:10BA fpdumyl         CODE                            
__near_modf                           C:10BA fpdumyl         CODE                            
__near_strtod                         C:10BA fpdumyl         CODE                            
__open_periphdevice                   C:10B8 zsldevinit      CODE                            
__sbdiv                               C:124A sbdiv           CODE                            
__sldiv                               C:1279 sldiv           CODE                            
__slmul                               C:115D ulmul           CODE                            
__swdiv                               C:1122 swdiv           CODE                            
__u_dtoe                              C:10BA fpdumyl         CODE                            
__u_dtof                              C:10BA fpdumyl         CODE                            
__u_dtog                              C:10BA fpdumyl         CODE                            
__u_flt_info                          C:10BA fpdumyl         CODE                            
__u_flt_rnd                           C:10BA fpdumyl         CODE                            
__u_ltoa                              C:4568 ULTOA           ultoa_TEXT                      
__u_reverse                           C:4A98 UREVERSE        reverse_TEXT                    
__u_stoa                              C:41CF USTOA           ustoa_TEXT                      
__u_ultoa                             C:42DF UULTOA          uultoa_TEXT                     
__u_ustoa                             C:41AB UUSTOA          uustoa_TEXT                     
__ubdiv                               C:1343 ubdiv           CODE                            
__ucase                               C:1305 ucase           CODE                            
__uldiv                               C:11F5 uldiv           CODE                            
__ulmul                               C:115D ulmul           CODE                            
__user_frequency                    01194000 (User Defined)
__uwdiv                               C:12D4 uwdiv           CODE                            
_abs                                  C:42A1 ABS             abs_TEXT                        
_acos                                 C:10BA fpdumyl         CODE                            
_angle                                E:0118 GAME            FAR_BSS                         
_asin                                 C:10BA fpdumyl         CODE                            
_atan                                 C:10BA fpdumyl         CODE                            
_atan2                                C:10BA fpdumyl         CODE                            
_ball                                 E:019F SERIALDRIVER    FAR_BSS                         
_c_startup                            C:148D startupl        startup                         
_calculateNextPosition                C:1D35 GAME            game_TEXT                       
_ceil                                 C:10BA fpdumyl         CODE                            
_character_data                       E:059A GAME            FAR_DATA                        
_chosenLevel                          E:077C GAME            FAR_DATA                        
_clearLine                            C:3586 SERIALDRIVER    ldriver_TEXT                    
_clearScreen                          C:3555 SERIALDRIVER    ldriver_TEXT                    
_clockDisplay                         C:156A DISPLAYDRIVER   ydriver_TEXT                    
_clockDisplay0                        C:150B DISPLAYDRIVER   ydriver_TEXT                    
_clockDisplay1                        C:151E DISPLAYDRIVER   ydriver_TEXT                    
_clockDisplay2                        C:1531 DISPLAYDRIVER   ydriver_TEXT                    
_clockDisplay3                        C:1544 DISPLAYDRIVER   ydriver_TEXT                    
_clockDisplays                        C:1557 DISPLAYDRIVER   ydriver_TEXT                    
_close_periphdevice                   C:10B9 zsldevinit      CODE                            
_cos                                  C:3158 TRIGONOMETRY    nometry_TEXT                    
_cosh                                 C:10BA fpdumyl         CODE                            
_displayCol                           E:077A GAME            FAR_DATA                        
_displayScore                         C:1DC0 GAME            game_TEXT                       
_drawBlankSpace                       C:3A1E SERIALDRIVER    ldriver_TEXT                    
_drawBoundaries                       C:36D9 SERIALDRIVER    ldriver_TEXT                    
_drawGameStats                        C:3E01 SERIALDRIVER    ldriver_TEXT                    
_drawObstructions                     C:1F23 GAME            game_TEXT                       
_drawSingleObstruction                C:3C1C SERIALDRIVER    ldriver_TEXT                    
_drawStriker                          C:380B SERIALDRIVER    ldriver_TEXT                    
_errno                                E:0100 startupl        FAR_BSS                         
_exit                                 C:14FC startupl        startup                         
_exp                                  C:10BA fpdumyl         CODE                            
_fabs                                 C:10BA fpdumyl         CODE                            
_far_heapbot                        00000B86 (User Defined)
_far_heaptop                        00000EFF (User Defined)
_far_stack                          00000EFF (User Defined)
_floor                                C:10BA fpdumyl         CODE                            
_fmod                                 C:10BA fpdumyl         CODE                            
_g_clock0                             E:01E0 zsldevinit      FAR_DATA                        
_g_clock1                             E:01E0 zsldevinit      FAR_DATA                        
_g_simulate                           E:01DF zsldevinit      FAR_DATA                        
_g_Txflag0                            E:0B86 WRITEUART0      FAR_DATA                        
_game                                 E:077B GAME            FAR_DATA                        
_get_freq                             C:4156 get_freq        getfreq_TEXT                    
_getTimer0                            C:34FF TIMERDRIVER     rdriver_TEXT                    
_health                               E:011A GAME            FAR_BSS                         
_homeCursor                           C:36B9 SERIALDRIVER    ldriver_TEXT                    
_init_uart                            C:3ECA SIO             sio_TEXT                        
_initKeyPD3                           C:17DF KEYDRIVER       ydriver_TEXT                    
_initKeyPF6                           C:17EE KEYDRIVER       ydriver_TEXT                    
_initKeyPF7                           C:17FD KEYDRIVER       ydriver_TEXT                    
_initKeys                             C:180C KEYDRIVER       ydriver_TEXT                    
_initSerial                           C:367D SERIALDRIVER    ldriver_TEXT                    
_initTimer0                           C:351B TIMERDRIVER     rdriver_TEXT                    
_insertInVideoBuffer                  C:1682 DISPLAYDRIVER   ydriver_TEXT                    
_isEnterKeyPressed                    C:1842 KEYDRIVER       ydriver_TEXT                    
_isLeftKeyPressed                     C:181C KEYDRIVER       ydriver_TEXT                    
_isr_timer0                           C:34ED TIMERDRIVER     rdriver_TEXT                    
_isRightKeyPressed                    C:182F KEYDRIVER       ydriver_TEXT                    
_ldexp                                C:10BA fpdumyl         CODE                            
_len_farbss                         000000DE (User Defined)
_len_fardata                        000009A9 (User Defined)
_len_nearbss                        00000000 (User Defined)
_len_neardata                       00000000 (User Defined)
_level                                E:011B GAME            FAR_BSS                         
_levelROM                             C:0B38 LEVEL           ROM_DATA                        
_loadLevelFromROM                     C:3492 LEVEL           level_TEXT                      
_log                                  C:10BA fpdumyl         CODE                            
_log10                                C:10BA fpdumyl         CODE                            
_low_far_romdata                    00004B6D (User Defined)
_low_farbss                         00000100 (User Defined)
_low_fardata                        000001DE (User Defined)
_low_near_romdata                   00000000 (User Defined)
_low_nearbss                        00000000 (User Defined)
_low_neardata                       00000000 (User Defined)
_main                                 C:14FE MAIN            main_TEXT                       
_mainGame                             C:1855 GAME            game_TEXT                       
_near_heapbot                       000000EF (User Defined)
_near_heaptop                       000000FF (User Defined)
_near_stack                         000000FF (User Defined)
_obstructionsRemaining                E:019B GAME            FAR_BSS                         
_obstuctionCollision                  C:2BCE GAME            game_TEXT                       
_open_periphdevice                    C:10B8 zsldevinit      CODE                            
_pow                                  C:10BA fpdumyl         CODE                            
_putch                                C:4981 PUTCH           putch_TEXT                      
_resetPositions                       C:1E62 GAME            game_TEXT                       
_resetTimer0                          C:350C TIMERDRIVER     rdriver_TEXT                    
_rotate                               C:318A VECTOR          vector_TEXT                     
_roundToShort                         C:2FDB NUMBERFORMAT    rformat_TEXT                    
_score                                E:0776 GAME            FAR_DATA                        
_select_port                          C:3E9C SIO             sio_TEXT                        
_setColor                             C:3616 SERIALDRIVER    ldriver_TEXT                    
_setCoordinates                       C:1E07 GAME            game_TEXT                       
_setCursor                            C:35B7 SERIALDRIVER    ldriver_TEXT                    
_showBinaryDisplay0                   C:15AA DISPLAYDRIVER   ydriver_TEXT                    
_sin                                  C:3043 TRIGONOMETRY    nometry_TEXT                    
_SIN                                  E:0781 TRIGONOMETRY    FAR_DATA                        
_sinh                                 C:10BA fpdumyl         CODE                            
_sqrt                                 C:10BA fpdumyl         CODE                            
_SQRT2HALF                            E:077D GAME            FAR_DATA                        
_stopTimer0                           C:354A TIMERDRIVER     rdriver_TEXT                    
_strikerPosition                      E:0116 GAME            FAR_BSS                         
_strikerWidth                         E:0775 GAME            FAR_DATA                        
_tan                                  C:10BA fpdumyl         CODE                            
_tanh                                 C:10BA fpdumyl         CODE                            
_timer0Counter                        E:0B81 TIMERDRIVER     FAR_DATA                        
_updateBallOnScreen                   C:3A6B SERIALDRIVER    ldriver_TEXT                    
_updateDirectionOnCollision           C:1FBC GAME            game_TEXT                       
_updateDisplay                        C:15DA DISPLAYDRIVER   ydriver_TEXT                    
_updateObstructionOnHit               C:2A38 GAME            game_TEXT                       
_videoBuffer                          E:0102 DISPLAYDRIVER   FAR_BSS                         
_write_UART0                          C:49DE WRITEUART0      teuart0_TEXT                    
_zsl_g_clock_xdefine                01194000 (User Defined)

227 external symbol(s).


START ADDRESS:
==============
(C:148D) set in module ..\..\src\boot\common\startupl.asm.

CALL GRAPH
==========
Depth Address    CF Function                       Calls Function
----- ---------- -- ------------------------------ --------------------------------
    1 R:20        0 _get_freq                      ->
    2 E:0100      0 _f__far_modf                   ->
    3 R:20        0 _n__floor                      ->
    4 R:20        0 _n___u_flt_rnd                 ->
    5 R:20        0 _n__far_modf                   ->
    6 R:20        0 _n__sqrt                       ->
    7 R:20        0 _n__near_modf                  ->
    8 E:0100      0 _f__atan                       ->
    9 E:0100      0 _f__pow                        ->
   10 R:20        0 _n__near_strtod                ->
   11 E:0100      0 _f__atan2                      ->
   12 R:20        0 _n__far_strtod                 ->
   13 E:0100      0 _f__far_strtod                 ->
   14 R:20        0 _n__atan                       ->
   15 E:0100      0 _f__log10                      ->
   16 E:0100      0 _f__log                        ->
   17 E:0100      0 _f__floor                      ->
   18 R:20        0 _n__exp                        ->
   19 E:0100      0 _f__fmod                       ->
   20 E:0100      0 _f__near_modf                  ->
   21 R:20        0 _n__tan                        ->
   22 E:0100      0 _f___u_flt_info                ->
   23 R:20        0 _n__atan2                      ->
   24 R:20        0 _n__near_atof                  ->
   25 E:0100      0 _f__far_atof                   ->
   26 R:20        0 _n__far_atof                   ->
   27 E:0100      0 _f__acos                       ->
   28 E:0100      0 _f__cosh                       ->
   29 R:20        0 _n___u_dtog                    ->
   30 R:20        0 _n___u_dtof                    ->
   31 R:20        0 _n___u_dtoe                    ->
   32 R:20        0 _n__cosh                       ->
   33 R:20        0 _n__sinh                       ->
   34 R:20        0 _n__acos                       ->
   35 E:0100      0 _f__far_frexp                  ->
   36 E:0100      0 _f__tan                        ->
   37 R:20        0 _n__ldexp                      ->
   38 E:0100      0 _f__tanh                       ->
   39 R:20        0 _n___u_flt_info                ->
   40 E:0100      0 _f__sinh                       ->
   41 E:0100      0 _f__near_frexp                 ->
   42 E:0100      0 _f__near_atof                  ->
   43 E:0100      0 _f___u__dtog                   ->
   44 E:0100      0 _f___u__dtof                   ->
   45 E:0100      0 _f___u__dtoe                   ->
   46 R:20        0 _n__tanh                       ->
   47 R:20        0 _n__near_frexp                 ->
   48 R:20        0 _n__far_frexp                  ->
   49 E:0100      0 _f__ldexp                      ->
   50 E:0100      0 _f__asin                       ->
   51 R:20        0 _n__fabs                       ->
   52 E:0100      0 _f__ceil                       ->
   53 R:20        0 _n__pow                        ->
   54 E:0100      0 _f__near_strtod                ->
   55 E:0100      0 _f__fabs                       ->
   56 R:20        0 _n__ceil                       ->
   57 R:20        0 _n__fmod                       ->
   58 R:20        0 _n__log10                      ->
   59 R:20        0 _n__asin                       ->
   60 E:0100      0 _f__sqrt                       ->
   61 E:0100      0 _f___u_flt_rnd                 ->
   62 R:20        0 _n__log                        ->
   63 E:0100      0 _f__exp                        ->


END OF LINK MAP:
================
0 Errors
8 Warnings
